// Jest Snapshot v1, https://goo.gl/fbAQLP

exports[`renders correctly 1`] = `
Array [
  <header>
    <h1>
      Pokedex!
    </h1>
  </header>,
  <div />,
]
`;
