// Jest Snapshot v1, https://goo.gl/fbAQLP

exports[`renders correctly 1`] = `
<div
  class="itemCard"
>
  <img
    alt=""
    height="200"
    width="200"
  />
  <h3 />
  <p />
  <p />
</div>
`;
